../UserModules/remote_cmd/remote_cmd.c:28:16:str_eq	16	static
../UserModules/remote_cmd/remote_cmd.c:33:16:scale_to_i32	24	static
../UserModules/remote_cmd/remote_cmd.c:44:13:milli_to_text	48	static
../UserModules/remote_cmd/remote_cmd.c:69:16:parse_float_token	48	static
../UserModules/remote_cmd/remote_cmd.c:118:13:remote_send_text	24	static
../UserModules/remote_cmd/remote_cmd.c:130:20:state_to_text	16	static
../UserModules/remote_cmd/remote_cmd.c:150:13:remote_send_status	704	static
../UserModules/remote_cmd/remote_cmd.c:214:13:remote_send_imu	672	static
../UserModules/remote_cmd/remote_cmd.c:267:13:remote_send_laser	432	static
../UserModules/remote_cmd/remote_cmd.c:296:13:remote_send_sensors	600	static
../UserModules/remote_cmd/remote_cmd.c:340:13:remote_send_straight_status	480	static
../UserModules/remote_cmd/remote_cmd.c:376:13:mark_valid_command	16	static
../UserModules/remote_cmd/remote_cmd.c:384:13:remote_apply_safety	16	static
../UserModules/remote_cmd/remote_cmd.c:400:13:remote_handle_line	48	static
../UserModules/remote_cmd/remote_cmd.c:586:6:RemoteCmd_Init	24	static
../UserModules/remote_cmd/remote_cmd.c:607:6:RemoteCmd_Loop	136	static,ignoring_inline_asm
../UserModules/remote_cmd/remote_cmd.c:645:6:RemoteCmd_UartRxCpltCallback	24	static
../UserModules/remote_cmd/remote_cmd.c:680:19:RemoteCmd_GetStatus	24	static
