../Core/Src/chassis_control.c:15:14:clampf_chassis	24	static
../Core/Src/chassis_control.c:22:16:velocity_is_zero	16	static
../Core/Src/chassis_control.c:33:6:ChassisControl_Init	8	static
../Core/Src/chassis_control.c:49:17:ChassisControl_SetVelocity	16	static
../Core/Src/chassis_control.c:66:17:ChassisControl_Stop	8	static
../Core/Src/chassis_control.c:79:17:ChassisControl_EmergencyStop	8	static
../Core/Src/chassis_control.c:91:17:ChassisControl_ClearEmergencyStop	8	static
../Core/Src/chassis_control.c:100:17:ChassisControl_ClearFault	8	static
../Core/Src/chassis_control.c:108:6:ChassisControl_PeriodicTask	88	static
../Core/Src/chassis_control.c:156:16:ChassisControl_GetState	4	static
../Core/Src/chassis_control.c:161:19:ChassisControl_GetTargetVelocity	16	static
../Core/Src/chassis_control.c:166:6:ChassisControl_SetExternalEmergency	16	static
../Core/Src/chassis_control.c:172:6:ChassisControl_EnableStraightControl	16	static
../Core/Src/chassis_control.c:177:9:ChassisControl_IsStraightControlEnabled	8	static
