../Core/Src/mecanum.c:6:6:Mecanum_Init	16	static
../Core/Src/mecanum.c:12:17:Mecanum_SetVelocity	40	static
../Core/Src/mecanum.c:23:17:Mecanum_MoveForward	16	static
../Core/Src/mecanum.c:28:17:Mecanum_MoveBackward	16	static
../Core/Src/mecanum.c:33:17:Mecanum_MoveLeft	16	static
../Core/Src/mecanum.c:38:17:Mecanum_MoveRight	16	static
../Core/Src/mecanum.c:43:17:Mecanum_MoveVector	16	static
../Core/Src/mecanum.c:48:17:Mecanum_Rotate	16	static
../Core/Src/mecanum.c:53:17:Mecanum_Stop	8	static
../Core/Src/mecanum.c:58:17:Mecanum_EmergencyStop	8	static
../Core/Src/mecanum.c:63:17:Mecanum_ClearEmergencyStop	8	static
../Core/Src/mecanum.c:68:17:Mecanum_ClearFault	8	static
../Core/Src/mecanum.c:73:6:Mecanum_PeriodicTask	8	static
../Core/Src/mecanum.c:78:16:Mecanum_GetState	8	static
../Core/Src/mecanum.c:83:19:Mecanum_GetTargetVelocity	16	static
../Core/Src/mecanum.c:88:6:Mecanum_EnableStraightControl	16	static
../Core/Src/mecanum.c:93:9:Mecanum_IsStraightControlEnabled	8	static
../Core/Src/mecanum.c:98:17:Mecanum_MoveForwardClosedLoop	16	static
../Core/Src/mecanum.c:104:17:Mecanum_MoveBackwardClosedLoop	16	static
../Core/Src/mecanum.c:110:17:Mecanum_TestMoveForward	16	static
../Core/Src/mecanum.c:115:17:Mecanum_TestMoveLeft	16	static
../Core/Src/mecanum.c:120:17:Mecanum_TestRotate	16	static
../Core/Src/mecanum.c:125:17:RS485_TestDirectionLevel	16	static
