../Core/Src/zdt_x42_modbus.c:6:17:ZDTX42_RpmToSpeedReg	24	static
../Core/Src/zdt_x42_modbus.c:20:6:ZDTX42_Init	4	static
../Core/Src/zdt_x42_modbus.c:24:17:ZDTX42_EnableMotor	32	static
../Core/Src/zdt_x42_modbus.c:34:17:ZDTX42_SetMotorSpeedRpm	40	static
../Core/Src/zdt_x42_modbus.c:54:17:ZDTX42_SetMotorSpeed	16	static
../Core/Src/zdt_x42_modbus.c:59:17:ZDTX42_StopMotor	32	static
../Core/Src/zdt_x42_modbus.c:66:17:ZDTX42_StopAllMotors	8	static
../Core/Src/zdt_x42_modbus.c:75:17:ZDTX42_EmergencyStopAll	8	static
../Core/Src/zdt_x42_modbus.c:80:17:ZDTX42_SyncTrigger	24	static
../Core/Src/zdt_x42_modbus.c:87:17:ZDTX42_ReadMotorSpeed	40	static
../Core/Src/zdt_x42_modbus.c:112:17:ZDTX42_TestSingleMotor	16	static
../Core/Src/zdt_x42_modbus.c:117:17:ZDTX42_TestReadSpeed	16	static
