../UserModules/competition_route/competition_route.c:34:16:route_abs_i32	16	static
../UserModules/competition_route/competition_route.c:39:14:route_signf	16	static
../UserModules/competition_route/competition_route.c:44:14:route_default_speed	16	static
../UserModules/competition_route/competition_route.c:66:17:route_calc_duration_ms	32	static
../UserModules/competition_route/competition_route.c:114:13:route_stop_motion	8	static
../UserModules/competition_route/competition_route.c:119:13:route_abort	16	static
../UserModules/competition_route/competition_route.c:134:16:route_update_safety	16	static
../UserModules/competition_route/competition_route.c:152:16:route_ready_to_start	16	static
../UserModules/competition_route/competition_route.c:178:13:route_advance_step	8	static
../UserModules/competition_route/competition_route.c:194:13:route_enter_step	32	static
../UserModules/competition_route/competition_route.c:241:13:route_run_translation_step	24	static
../UserModules/competition_route/competition_route.c:269:13:route_run_rotation_step	24	static
../UserModules/competition_route/competition_route.c:290:13:route_run_current_step	24	static
../UserModules/competition_route/competition_route.c:344:6:CompetitionRoute_Init	8	static
../UserModules/competition_route/competition_route.c:369:6:CompetitionRoute_StartDefault	8	static
../UserModules/competition_route/competition_route.c:391:6:CompetitionRoute_Stop	8	static
../UserModules/competition_route/competition_route.c:401:6:CompetitionRoute_Loop	8	static
../UserModules/competition_route/competition_route.c:429:26:CompetitionRoute_GetStatus	24	static
../UserModules/competition_route/competition_route.c:434:13:CompetitionRoute_GetStateText	16	static
../UserModules/competition_route/competition_route.c:452:13:CompetitionRoute_GetAbortText	16	static
